<?php return array (
  0 => 'Symfony\\Bundle\\FrameworkBundle\\Controller\\AbstractController',
  1 => 'ApiPlatform\\Symfony\\Controller\\MainController',
  2 => 'App\\Controller\\AddEstablishmentToPrestataireController',
  3 => 'App\\Controller\\AddPrestationToEstablishmentController',
  4 => 'App\\Controller\\DeleteEstablishmentController',
  5 => 'App\\Controller\\DeletePrestataireController',
  6 => 'App\\Controller\\DeteteBookingController',
  7 => 'App\\Controller\\GetEstablishmentsByPrestataireController',
  8 => 'App\\Controller\\MediaOploaderController',
  9 => 'App\\Controller\\PaymentController',
  10 => 'App\\Controller\\RegisterPrestataireController',
  11 => 'App\\Controller\\RegistrationController',
  12 => 'App\\Controller\\ResearchPrestationController',
  13 => 'App\\Controller\\VideoOploaderController',
  14 => 'App\\Entity\\Booking',
  15 => 'App\\Entity\\Category',
  16 => 'App\\Entity\\EmployeeSchedule',
  17 => 'App\\Entity\\Establishment',
  18 => 'App\\Entity\\Feedback',
  19 => 'App\\Entity\\Media',
  20 => 'App\\Entity\\Prestataire',
  21 => 'App\\Entity\\Prestation',
  22 => 'App\\Entity\\Slot',
  23 => 'App\\Entity\\User',
  24 => 'App\\Entity\\Video',
  25 => 'Doctrine\\Bundle\\DoctrineBundle\\Controller\\ProfilerController',
  26 => 'Doctrine\\ORM\\Cache\\Persister\\Entity\\AbstractEntityPersister',
  27 => 'Doctrine\\ORM\\Cache\\Persister\\Entity\\CachedEntityPersister',
  28 => 'Doctrine\\ORM\\Cache\\Persister\\Entity\\NonStrictReadWriteCachedEntityPersister',
  29 => 'Doctrine\\ORM\\Cache\\Persister\\Entity\\ReadOnlyCachedEntityPersister',
  30 => 'Doctrine\\ORM\\Cache\\Persister\\Entity\\ReadWriteCachedEntityPersister',
  31 => 'Doctrine\\ORM\\Persisters\\Entity\\AbstractEntityInheritancePersister',
  32 => 'Doctrine\\ORM\\Persisters\\Entity\\BasicEntityPersister',
  33 => 'Doctrine\\ORM\\Persisters\\Entity\\CachedPersisterContext',
  34 => 'Doctrine\\ORM\\Persisters\\Entity\\EntityPersister',
  35 => 'Doctrine\\ORM\\Persisters\\Entity\\JoinedSubclassPersister',
  36 => 'Doctrine\\ORM\\Persisters\\Entity\\SingleTablePersister',
  38 => 'Symfony\\Bundle\\FrameworkBundle\\Controller\\ControllerResolver',
  39 => 'Symfony\\Bundle\\FrameworkBundle\\Controller\\RedirectController',
  40 => 'Symfony\\Bundle\\FrameworkBundle\\Controller\\TemplateController',
  41 => 'Symfony\\Bundle\\WebProfilerBundle\\Controller\\ExceptionPanelController',
  42 => 'Symfony\\Bundle\\WebProfilerBundle\\Controller\\ProfilerController',
  43 => 'Symfony\\Bundle\\WebProfilerBundle\\Controller\\RouterController',
  44 => 'Symfony\\Component\\HttpKernel\\Controller\\ArgumentResolver',
  45 => 'Symfony\\Component\\HttpKernel\\Controller\\ArgumentResolverInterface',
  46 => 'Symfony\\Component\\HttpKernel\\Controller\\ArgumentResolver\\BackedEnumValueResolver',
  47 => 'Symfony\\Component\\HttpKernel\\Controller\\ArgumentResolver\\DateTimeValueResolver',
  48 => 'Symfony\\Component\\HttpKernel\\Controller\\ArgumentResolver\\DefaultValueResolver',
  49 => 'Symfony\\Component\\HttpKernel\\Controller\\ArgumentResolver\\NotTaggedControllerValueResolver',
  50 => 'Symfony\\Component\\HttpKernel\\Controller\\ArgumentResolver\\QueryParameterValueResolver',
  51 => 'Symfony\\Component\\HttpKernel\\Controller\\ArgumentResolver\\RequestAttributeValueResolver',
  52 => 'Symfony\\Component\\HttpKernel\\Controller\\ArgumentResolver\\RequestPayloadValueResolver',
  53 => 'Symfony\\Component\\HttpKernel\\Controller\\ArgumentResolver\\RequestValueResolver',
  54 => 'Symfony\\Component\\HttpKernel\\Controller\\ArgumentResolver\\ServiceValueResolver',
  55 => 'Symfony\\Component\\HttpKernel\\Controller\\ArgumentResolver\\SessionValueResolver',
  56 => 'Symfony\\Component\\HttpKernel\\Controller\\ArgumentResolver\\TraceableValueResolver',
  57 => 'Symfony\\Component\\HttpKernel\\Controller\\ArgumentResolver\\UidValueResolver',
  58 => 'Symfony\\Component\\HttpKernel\\Controller\\ArgumentResolver\\VariadicValueResolver',
  59 => 'Symfony\\Component\\HttpKernel\\Controller\\ArgumentValueResolverInterface',
  60 => 'Symfony\\Component\\HttpKernel\\Controller\\ContainerControllerResolver',
  61 => 'Symfony\\Component\\HttpKernel\\Controller\\ControllerReference',
  62 => 'Symfony\\Component\\HttpKernel\\Controller\\ControllerResolver',
  63 => 'Symfony\\Component\\HttpKernel\\Controller\\ControllerResolverInterface',
  64 => 'Symfony\\Component\\HttpKernel\\Controller\\ErrorController',
  65 => 'Symfony\\Component\\HttpKernel\\Controller\\TraceableArgumentResolver',
  66 => 'Symfony\\Component\\HttpKernel\\Controller\\TraceableControllerResolver',
  67 => 'Symfony\\Component\\HttpKernel\\Controller\\ValueResolverInterface',
  68 => 'Symfony\\Component\\Security\\Http\\Controller\\SecurityTokenValueResolver',
  69 => 'Symfony\\Component\\Security\\Http\\Controller\\UserValueResolver',
  70 => 'Vich\\UploaderBundle\\Entity\\File',
);